// Jest Snapshot v1, https://goo.gl/fbAQLP

exports[`ListItem component should render correctly 1`] = `
<View
  accessibilityRole="button"
  accessibilityState={
    {
      "busy": undefined,
      "checked": undefined,
      "disabled": undefined,
      "expanded": undefined,
      "selected": undefined,
    }
  }
  accessibilityValue={
    {
      "max": undefined,
      "min": undefined,
      "now": undefined,
      "text": undefined,
    }
  }
  accessible={true}
  collapsable={false}
  focusable={true}
  onBlur={[Function]}
  onClick={[Function]}
  onFocus={[Function]}
  onResponderGrant={[Function]}
  onResponderMove={[Function]}
  onResponderRelease={[Function]}
  onResponderTerminate={[Function]}
  onResponderTerminationRequest={[Function]}
  onStartShouldSetResponder={[Function]}
  style={
    [
      {
        "alignItems": "center",
        "backgroundColor": "white",
        "flexDirection": "row",
        "marginVertical": 8,
        "opacity": 0.8,
        "padding": 10,
      },
      undefined,
    ]
  }
>
  <View
    style={
      {
        "flex": 1,
        "flexDirection": "row",
        "justifyContent": "space-between",
      }
    }
  >
    <Text
      style={
        [
          {
            "fontSize": 16,
          },
          [
            {
              "fontSize": 18,
              "fontWeight": "bold",
            },
            undefined,
          ],
        ]
      }
    >
      Sample Title
    </Text>
  </View>
</View>
`;
