// Jest Snapshot v1, https://goo.gl/fbAQLP

exports[`Text component should render correctly 1`] = `
<Text
  style={
    [
      {
        "fontSize": 16,
      },
      undefined,
    ]
  }
/>
`;
