// Jest Snapshot v1, https://goo.gl/fbAQLP

exports[`Loader component should render correctly 1`] = `
<View
  style={
    {
      "alignItems": "center",
      "flex": 1,
      "justifyContent": "center",
    }
  }
  testID="loader"
>
  <ActivityIndicator
    animating={false}
    color="#000000"
    size="large"
    testID="activity-indicator"
  />
</View>
`;
